---
source: components/markdown/tests/markdown.rs
expression: body
snapshot_kind: text
---
<p>Test inline <span class="math math-inline">\sum_{e_k} \pi^i</span> math.</p>
