---
source: components/markdown/tests/shortcodes.rs
assertion_line: 321
expression: body
---
<p><a href="top">top</a></p>
