---
source: components/rendering/tests/shortcodes.rs
assertion_line: 63
expression: body

---
<p><img src="cover.en.png" alt="Book cover in en" /></p>

