---
source: components/markdown/src/markdown.rs
expression: events
---
[
    Start(
        Paragraph,
    ),
    Text(
        Borrowed(
            "This text has a footnote",
        ),
    ),
    Html(
        Boxed(
            "<sup class=\"footnote-reference\" id=\"fr-1-1\"><a href=\"#fn-1\">[1]</a></sup>",
        ),
    ),
    End(
        Paragraph,
    ),
    Html(
        Borrowed(
            "<hr><ol class=\"footnotes-list\">\n",
        ),
    ),
    Html(
        Boxed(
            "<li id=\"fn-1\">",
        ),
    ),
    Start(
        Paragraph,
    ),
    Text(
        Borrowed(
            "But it is meaningless.",
        ),
    ),
    Html(
        Boxed(
            " <a href=\"#fr-1-1\">â†©</a></p>\n",
        ),
    ),
    Html(
        Borrowed(
            "</li>\n",
        ),
    ),
    Html(
        Borrowed(
            "</ol>\n",
        ),
    ),
]
